{
    "genome": {
        "content": [
            "genome.fa:md5,4bad9f4b18056156a81f7f952abbe125",
            "genome.fa.fai:md5,6f4c0ce5258e6948135ad006e1f9ee1b",
            "genome.fa.sizes:md5,e122f8021a5ef14104c32785cb9b7adc",
            "genome.include_regions.bed:md5,58b27f8faf81d116a596c37be421ce01"
        ],
        "timestamp": "2023-06-23T15:06:21+0000"
    },
    "software_versions": {
        "content": [
            "{ANNOTATE_BOOLEAN_PEAKS={sed=4.7}, BAMTOOLS_FILTER={bamtools=2.5.2, samtools=1.15.1}, BAM_REMOVE_ORPHANS={samtools=1.15.1}, BEDTOOLS_GENOMECOV={bedtools=2.30.0}, BWA_INDEX={bwa=0.7.17-r1188}, BWA_MEM={bwa=0.7.17-r1188, samtools=1.16.1}, CUSTOM_DUMPSOFTWAREVERSIONS={python=3.11.0, yaml=6.0}, CUSTOM_GETCHROMSIZES={getchromsizes=1.16.1}, DEEPTOOLS_COMPUTEMATRIX={deeptools=3.5.1}, DEEPTOOLS_PLOTFINGERPRINT={deeptools=3.5.1}, DEEPTOOLS_PLOTHEATMAP={deeptools=3.5.1}, DEEPTOOLS_PLOTPROFILE={deeptools=3.5.1}, FASTQC={fastqc=0.11.9}, FRIP_SCORE={bedtools=2.30.0, samtools=1.15.1}, GENOME_BLACKLIST_REGIONS={bedtools=2.30.0}, GTF2BED={perl=5.26.2}, HOMER_ANNOTATEPEAKS_CONSENSUS={homer=4.11}, HOMER_ANNOTATEPEAKS_MACS2={homer=4.11}, IGV={python=3.8.3}, MACS2_CALLPEAK={macs2=2.2.7.1}, MACS2_CONSENSUS={python=3.10.0, r-base=4.1.1}, PHANTOMPEAKQUALTOOLS={phantompeakqualtools=1.2.2}, PICARD_COLLECTMULTIPLEMETRICS={picard=3.0.0}, PICARD_MARKDUPLICATES={picard=3.0.0}, PICARD_MERGESAMFILES={picard=3.0.0}, PLOT_HOMER_ANNOTATEPEAKS={r-base=4.0.3}, PLOT_MACS2_QC={r-base=4.0.3}, SAMPLESHEET_CHECK={python=3.8.3}, SAMTOOLS_FLAGSTAT={samtools=1.16.1}, SAMTOOLS_IDXSTATS={samtools=1.16.1}, SAMTOOLS_INDEX={samtools=1.16.1}, SAMTOOLS_SORT={samtools=1.16.1}, SAMTOOLS_STATS={samtools=1.16.1}, SUBREAD_FEATURECOUNTS={subread=2.0.1}, TRIMGALORE={cutadapt=3.4, trimgalore=0.6.7}, UCSC_BEDGRAPHTOBIGWIG={ucsc=377}, Workflow={nf-core/chipseq=2.1.0dev}}"
        ],
        "timestamp": "2023-06-23T03:10:19+0000"
    },
    "bwa/mergedLibrary/": {
        "content": [
            "SPT5_INPUT_REP1.mLb.clN.sorted.bam:md5,3784f0f45f705e76b7a11133e811bc13",
            "SPT5_INPUT_REP2.mLb.clN.sorted.bam:md5,473f9ff8b34a6968de047a1c3a6c379a",
            "SPT5_T0_REP1.mLb.clN.sorted.bam:md5,384b136e3faffebd240d132db48d8813",
            "SPT5_T0_REP2.mLb.clN.sorted.bam:md5,ceef2717e4f89e22671e6d71409c489b",
            "SPT5_T15_REP1.mLb.clN.sorted.bam:md5,63e4289ef16e109345ff970edb456a92",
            "SPT5_T15_REP2.mLb.clN.sorted.bam:md5,58a7ba9229e6c5ee06f73bcbfeecdbef"
        ],
        "timestamp": "2023-06-23T15:06:21+0000"
    }
}
